// Jest Snapshot v1, https://goo.gl/fbAQLP

exports[`Pruebas de GifItem debe de hacer mach con el snapshot 1`] = `
<div>
  <div
    class="card"
  >
    <img
      alt="Link"
      src="http://zeldaTerasOfTheKingdom/link.jpg"
    />
    <p>
      Link
    </p>
  </div>
</div>
`;
